<html>
<body>
<pre>
<h1>µVision Build Log</h1>
<h2>Project:</h2>
C:\Users\Dhruv Sandesara\Desktop\Exam2ETTY\Exam2.uvproj
Project File Date:  04/06/2017

<h2>Output:</h2>
Rebuild target 'Exam2'
assembling Startup.s...
assembling Exam2AsmPart.s...
compiling Exam2CPart.c...
linking...
Program Size: Code=2920 RO-data=8964 RW-data=12 ZI-data=2148  
".\Exam2.axf" - 0 Error(s), 0 Warning(s).
</pre>
</body>
</html>
 0 Warning(s).
Target not created
Code=2872 RO-data=8964 RW-data=12 ZI-data=2148  
".\Exam2.axf" - 0 Error(s), 1 Warning(s).
 created
