<html>
<body>
<pre>
<h1>µVision Build Log</h1>
<h2>Project:</h2>
C:\Users\Dhruv Sandesara\Desktop\Exam 2 asm\9Exam2C_CalculusSpring2013\Exam2C_CalculusSpring2013\Exam2_Calculus.uvproj
Project File Date:  04/02/2017

<h2>Output:</h2>
Rebuild target 'Exam2'
assembling Startup.s...
compiling PLL.c...
compiling UART.c...
compiling main.c...
assembling Exam2.s...
linking...
Program Size: Code=2500 RO-data=944 RW-data=0 ZI-data=352  
".\Exam2.axf" - 0 Error(s), 0 Warning(s).
</pre>
</body>
</html>
  
".\Exam2.axf" - 0 Error(s), 1 Warning(s).
2C_CalculusSpring2013\Exam2C_CalculusSpring2013\Exam2.axf'. Debugger aborted !
