<html>
<body>
<pre>
<h1>µVision Build Log</h1>
<h2>Project:</h2>
D:\Dropbox\EE319K\Exam2C_CalculusSpring2013\Exam2_Calculus.uvproj
Project File Date:  11/04/2013

<h2>Output:</h2>
Clean started: Project: 'Exam2_Calculus'
   deleting intermediate output files for target 'Exam2'
Build target 'Exam2'
assembling Startup.s...
compiling PLL.c...
compiling UART.c...
compiling main.c...
assembling Exam2.s...
linking...
Program Size: Code=2260 RO-data=944 RW-data=0 ZI-data=352  
"Exam2.axf" - 0 Error(s), 0 Warning(s).
Clean started: Project: 'Exam2_Calculus'
   deleting intermediate output files for target 'Exam2'
