<html>
<body>
<pre>
<h1>µVision Build Log</h1>
<h2>Project:</h2>
C:\Users\Dhruv Sandesara\Desktop\Exam 2 asm\3Exam2_Mode\Exam2_Mode\Exam2_Mode.uvproj
Project File Date:  04/03/2017

<h2>Output:</h2>
Rebuild target 'Exam2'
assembling Startup.s...
compiling PLL.c...
compiling UART.c...
compiling main.c...
assembling Exam2.s...
linking...
Program Size: Code=2008 RO-data=256 RW-data=0 ZI-data=456  
".\Exam2.axf" - 0 Error(s), 0 Warning(s).
</pre>
</body>
</html>
ecting opcode or Macro
".\Exam2.axf" - 2 Error(s), 0 Warning(s).
Target not created
