<html>
<body>
<pre>
<h1>µVision Build Log</h1>
<h2>Project:</h2>
C:\Users\Dhruv Sandesara\Desktop\Lab5_EE319Kassembly\Lab5_EE319Kassembly\Lab5.uvproj
Project File Date:  03/24/2017

<h2>Output:</h2>
Rebuild target 'Lab5'
assembling Startup.s...
assembling main.s...
assembling PLL.s...
linking...
Program Size: Code=1124 RO-data=0 RW-data=224 ZI-data=1024  
".\Lab5.axf" - 0 Error(s), 0 Warning(s).
g(s).
Target not created
g(s).
Target not created
A1516E: Bad symbol 'GPIO_PORTB_AMSEL_R', not defined or external
main.s(367): error: A1516E: Bad symbol 'GPIO_PORTB_PCTL_R', not defined or external
assembling PLL.s...
".\Lab5.axf" - 4 Error(s), 0 Warning(s).
Target not created
xpected characters at end of line
main.s(351): error: A1137E: Unexpected characters at end of line
main.s(364): error: A1137E: Unexpected characters at end of line
main.s(369): error: A1147E: Bad shift name
main.s(370): error: A1137E: Unexpected characters at end of line
main.s(375): error: A1137E: Unexpected characters at end of line
main.s(382): error: A1137E: Unexpected characters at end of line
main.s(387): error: A1137E: Unexpected characters at end of line
assembling PLL.s...
".\Lab5.axf" - 13 Error(s), 0 Warning(s).
Target not created
103): error: A1137E: Unexpected characters at end of line
main.s(104): error: A1137E: Unexpected characters at end of line
main.s(106): error: A1137E: Unexpected characters at end of line
main.s(107): error: A1137E: Unexpected characters at end of line
main.s(109): error: A1137E: Unexpected characters at end of line
assembling PLL.s...
".\Lab5.axf" - 20 Error(s), 0 Warning(s).
Target not created
nd of line
assembling PLL.s...
".\Lab5.axf" - 22 Error(s), 0 Warning(s).
Target not created
23 Error(s), 0 Warning(s).
Target not created
