<html>
<body>
<pre>
<h1>µVision Build Log</h1>
<h2>Project:</h2>
C:\Users\Dhruv Sandesara\Desktop\Exam 2 asm\DebugPractice\DebugPractice\EdgeInterrupt_4C123\EdgeInterrupt.uvproj
Project File Date:  04/04/2017

<h2>Output:</h2>
Rebuild target 'EdgeInterrupt'
assembling startup.s...
compiling EdgeInterrupt.c...
linking...
Program Size: Code=1220 RO-data=32 RW-data=4 ZI-data=1124  
".\EdgeInterrupt.axf" - 0 Error(s), 0 Warning(s).
</pre>
</body>
</html>
nterrupt.c: 0 warnings, 1 error
".\EdgeInterrupt.axf" - 1 Error(s), 0 Warning(s).
Target not created
