<html>
<body>
<pre>
<h1>µVision Build Log</h1>
<h2>Project:</h2>
C:\Users\Dhruv Sandesara\Desktop\Cryptography\Cryptography\Exam2.uvproj
Project File Date:  04/06/2017

<h2>Output:</h2>
Rebuild target 'Exam2'
assembling Startup.s...
compiling Exam2.c...
linking...
Program Size: Code=2814 RO-data=294 RW-data=332 ZI-data=2148  
".\Exam2.axf" - 0 Error(s), 0 Warning(s).
</pre>
</body>
</html>
...
Program Size: Code=2786 RO-data=294 RW-data=332 ZI-data=2148  
".\Exam2.axf" - 0 Error(s), 1 Warning(s).

