<html>
<body>
<pre>
<h1>µVision Build Log</h1>
<h2>Project:</h2>
C:\Users\Dhruv Sandesara\Desktop\Exam 2 asm\6Exam2_Merge\Exam2_Merge\Exam2_Merge.uvproj
Project File Date:  04/02/2017

<h2>Output:</h2>
Rebuild target 'Exam2'
assembling Startup.s...
compiling PLL.c...
compiling UART.c...
compiling main.c...
assembling Exam2.s...
linking...
Program Size: Code=2028 RO-data=656 RW-data=0 ZI-data=376  
".\Exam2.axf" - 0 Error(s), 0 Warning(s).
</pre>
</body>
</html>
d
.axf" - 2 Error(s), 0 Warning(s).
Target not created
