<html>
<body>
<pre>
<h1>µVision Build Log</h1>
<h2>Project:</h2>
C:\Users\Dhruv Sandesara\Desktop\Exam 2 asm\4Exam2_Moore\Exam2_Moore\Exam2_Moore.uvproj
Project File Date:  04/03/2017

<h2>Output:</h2>
Rebuild target 'Exam2'
assembling Startup.s...
compiling PLL.c...
compiling UART.c...
compiling main.c...
assembling Exam2.s...
linking...
Program Size: Code=2880 RO-data=240 RW-data=8 ZI-data=352  
".\Exam2.axf" - 0 Error(s), 0 Warning(s).
</pre>
</body>
</html>

".\Exam2.axf" - 0 Error(s), 1 Warning(s).
